npx : 
2026-04-21T12:34:05Z 
INF Thank you for 
trying Cloudflare 
Tunnel. Doing so, 
without a Cloudflare 
account, is a quick 
way to experiment and 
try it out. However, 
be aware that these 
account-less Tunnels 
have no uptime 
guarantee, are 
subject to the 
Cloudflare Online 
Services Terms of Use 
(https://www.cloudflar
e.com/website-terms/),
 and Cloudflare 
reserves the right to 
investigate your use 
of Tunnels for 
violations of such 
terms. If you intend 
to use Tunnels in 
production you should 
use a pre-created 
named tunnel by 
following: https://dev
elopers.cloudflare.com
/cloudflare-one/connec
tions/connect-apps
At line:1 char:1
+ npx cloudflared 
tunnel --url 
http://localhost:5000 
> cf_tunnel_final. ...
+ ~~~~~~~~~~~~~~~~~~~~
~~~~~~~~~~~~~~~~~~~~~~
~~~~~~~~~~~~~~~~~~~~~~
~~~~~
    + CategoryInfo    
          : 
NotSpecified: (2    
026-04-21T12:3...ns/c 
   
onnect-apps:String) [ 
   ], RemoteException
    + 
FullyQualifiedError   
 Id : 
NativeCommandErr    or
 
2026-04-21T12:34:05Z 
INF Requesting new 
quick Tunnel on 
trycloudflare.com...
2026-04-21T12:34:10Z 
INF +-----------------
----------------------
----------------------
----------------------
---------+
2026-04-21T12:34:10Z 
INF |  Your quick 
Tunnel has been 
created! Visit it at 
(it may take some 
time to be 
reachable):  |
2026-04-21T12:34:10Z 
INF |  https://urls-ei
ther-essex-contributio
ns.trycloudflare.com  
                      
         |
2026-04-21T12:34:10Z 
INF +-----------------
----------------------
----------------------
----------------------
---------+
2026-04-21T12:34:10Z 
INF Cannot determine 
default configuration 
path. No file 
[config.yml 
config.yaml] in 
[~/.cloudflared 
~/.cloudflare-warp 
~/cloudflare-warp]
2026-04-21T12:34:10Z 
INF Version 2026.3.0 
(Checksum 59b12880b24a
f581cf5b1013db601c7d84
3b9b097e9c78aa5957c7f3
9f741885)
2026-04-21T12:34:10Z 
INF GOOS: windows, 
GOVersion: go1.24.13, 
GoArch: amd64
2026-04-21T12:34:10Z 
INF Settings: 
map[ha-connections:1 
protocol:quic url:http
://localhost:5000]
2026-04-21T12:34:10Z 
INF cloudflared will 
not automatically 
update on Windows 
systems.
2026-04-21T12:34:10Z 
INF Generated 
Connector ID: 7f50e5ad
-d443-481e-9b14-4158aa
13cec2
2026-04-21T12:34:10Z 
INF Initial protocol 
quic
2026-04-21T12:34:10Z 
INF ICMP proxy will 
use 192.168.100.37 as 
source for IPv4
2026-04-21T12:34:10Z 
INF ICMP proxy will 
use fe80::44c6:c92b:73
0a:7fcd in zone 
Ethernet as source 
for IPv6
2026-04-21T12:34:10Z 
INF cloudflared does 
not support loading 
the system root 
certificate pool on 
Windows. Please use 
--origin-ca-pool 
<PATH> to specify the 
path to the 
certificate pool
2026-04-21T12:34:10Z 
INF ICMP proxy will 
use 192.168.100.37 as 
source for IPv4
2026-04-21T12:34:10Z 
INF Tunnel connection 
curve preferences: 
[X25519MLKEM768 
CurveP256] 
connIndex=0 event=0 
ip=198.41.200.43
2026-04-21T12:34:10Z 
INF ICMP proxy will 
use fe80::44c6:c92b:73
0a:7fcd in zone 
Ethernet as source 
for IPv6
2026-04-21T12:34:10Z 
INF Starting metrics 
server on 127.0.0.1:20
242/metrics
2026-04-21T12:34:11Z 
INF Registered tunnel 
connection 
connIndex=0 connection
=db95fb2c-940c-4d84-88
2f-34bfe0221fc3 
event=0 
ip=198.41.200.43 
location=fra19 
protocol=quic
